#
# There is insufficient memory for the Java Runtime Environment to continue.
# Native memory allocation (malloc) failed to allocate 2172736 bytes. Error detail: Chunk::new
# Possible reasons:
#   The system is out of physical RAM or swap space
#   This process is running with CompressedOops enabled, and the Java Heap may be blocking the growth of the native heap
# Possible solutions:
#   Reduce memory load on the system
#   Increase physical memory or swap space
#   Check if swap backing store is full
#   Decrease Java heap size (-Xmx/-Xms)
#   Decrease number of Java threads
#   Decrease Java thread stack sizes (-Xss)
#   Set larger code cache with -XX:ReservedCodeCacheSize=
#   JVM is running with Zero Based Compressed Oops mode in which the Java heap is
#     placed in the first 32GB address space. The Java Heap base address is the
#     maximum limit for the native heap growth. Please use -XX:HeapBaseMinAddress
#     to set the Java Heap base and to place the Java Heap above 32GB virtual address.
# This output file may be truncated or incomplete.
#
#  Out of Memory Error (arena.cpp:168), pid=10544, tid=2688
#
# JRE version: OpenJDK Runtime Environment Temurin-21.0.4+7 (21.0.4+7) (build 21.0.4+7-LTS)
# Java VM: OpenJDK 64-Bit Server VM Temurin-21.0.4+7 (21.0.4+7-LTS, mixed mode, sharing, tiered, compressed oops, compressed class ptrs, g1 gc, windows-amd64)
# No core dump will be written. Minidumps are not enabled by default on client versions of Windows
#

---------------  S U M M A R Y ------------

Command Line: --add-opens=java.base/java.util=ALL-UNNAMED --add-opens=java.base/java.lang=ALL-UNNAMED --add-opens=java.base/java.lang.invoke=ALL-UNNAMED --add-opens=java.prefs/java.util.prefs=ALL-UNNAMED --add-opens=java.base/java.nio.charset=ALL-UNNAMED --add-opens=java.base/java.net=ALL-UNNAMED --add-opens=java.base/java.util.concurrent.atomic=ALL-UNNAMED -Xmx3G -Dfile.encoding=windows-1251 -Duser.country=RU -Duser.language=ru -Duser.variant -javaagent:C:\Users\Рунни\.gradle\wrapper\dists\gradle-8.8-bin\dl7vupf4psengwqhwktix4v1\gradle-8.8\lib\agents\gradle-instrumentation-agent-8.8.jar org.gradle.launcher.daemon.bootstrap.GradleDaemon 8.8

Host: 11th Gen Intel(R) Core(TM) i5-11400H @ 2.70GHz, 12 cores, 15G,  Windows 10 , 64 bit Build 19041 (10.0.19041.4717)
Time: Thu Sep 12 18:32:17 2024 RTZ 2 (s 10 , 64 bit Build 19041 (10.0.19041.4717) elapsed time: 1.744782 seconds (0d 0h 0m 1s)

---------------  T H R E A D  ---------------

Current thread (0x0000015ea9ff7310):  JavaThread "C2 CompilerThread1" daemon [_thread_in_native, id=2688, stack(0x000000021da00000,0x000000021db00000) (1024K)]


Current CompileTask:
C2:   1744 2593   !   4       java.lang.ClassLoader::loadClass (121 bytes)

Stack: [0x000000021da00000,0x000000021db00000]
Native frames: (J=compiled Java code, j=interpreted, Vv=VM code, C=native code)
V  [jvm.dll+0x6cbcf9]
V  [jvm.dll+0x8a5551]
V  [jvm.dll+0x8a7a7e]
V  [jvm.dll+0x8a8153]
V  [jvm.dll+0x27eca6]
V  [jvm.dll+0xc4aad]
V  [jvm.dll+0xc4fe3]
V  [jvm.dll+0x3b513c]
V  [jvm.dll+0x1df999]
V  [jvm.dll+0x247262]
V  [jvm.dll+0x2466ef]
V  [jvm.dll+0x1c6f7e]
V  [jvm.dll+0x255e7a]
V  [jvm.dll+0x25441a]
V  [jvm.dll+0x3eeef6]
V  [jvm.dll+0x84f17b]
V  [jvm.dll+0x6ca3fd]
C  [ucrtbase.dll+0x21bb2]
C  [KERNEL32.DLL+0x17374]
C  [ntdll.dll+0x4cc91]


---------------  P R O C E S S  ---------------

Threads class SMR info:
_java_thread_list=0x0000015ef16c9550, length=26, elements={
0x0000015e8bb61b40, 0x0000015ea9fcd640, 0x0000015ea9fd2620, 0x0000015ea9fd7360,
0x0000015ea9fd8120, 0x0000015ea9fd8d30, 0x0000015ea9fe1d50, 0x0000015ea9fe5cb0,
0x0000015ea9ff8780, 0x0000015ea9f9a270, 0x0000015eaa3896a0, 0x0000015ea9ff7310,
0x0000015ef13f3720, 0x0000015ef10c73a0, 0x0000015ef1546050, 0x0000015ef1419110,
0x0000015ef1373090, 0x0000015ef13dd960, 0x0000015ef136a2e0, 0x0000015ef13695c0,
0x0000015ef136a970, 0x0000015ef1368f30, 0x0000015ef1369c50, 0x0000015ef13688a0,
0x0000015ef136b000, 0x0000015ea9ff5ea0
}

Java Threads: ( => current thread )
  0x0000015e8bb61b40 JavaThread "main"                              [_thread_blocked, id=7468, stack(0x000000021c800000,0x000000021c900000) (1024K)]
  0x0000015ea9fcd640 JavaThread "Reference Handler"          daemon [_thread_blocked, id=17700, stack(0x000000021d000000,0x000000021d100000) (1024K)]
  0x0000015ea9fd2620 JavaThread "Finalizer"                  daemon [_thread_blocked, id=11940, stack(0x000000021d100000,0x000000021d200000) (1024K)]
  0x0000015ea9fd7360 JavaThread "Signal Dispatcher"          daemon [_thread_blocked, id=11120, stack(0x000000021d200000,0x000000021d300000) (1024K)]
  0x0000015ea9fd8120 JavaThread "Attach Listener"            daemon [_thread_blocked, id=1364, stack(0x000000021d300000,0x000000021d400000) (1024K)]
  0x0000015ea9fd8d30 JavaThread "Service Thread"             daemon [_thread_blocked, id=12636, stack(0x000000021d400000,0x000000021d500000) (1024K)]
  0x0000015ea9fe1d50 JavaThread "Monitor Deflation Thread"   daemon [_thread_blocked, id=12252, stack(0x000000021d500000,0x000000021d600000) (1024K)]
  0x0000015ea9fe5cb0 JavaThread "C2 CompilerThread0"         daemon [_thread_in_native, id=20272, stack(0x000000021d600000,0x000000021d700000) (1024K)]
  0x0000015ea9ff8780 JavaThread "C1 CompilerThread0"         daemon [_thread_in_native, id=14696, stack(0x000000021d700000,0x000000021d800000) (1024K)]
  0x0000015ea9f9a270 JavaThread "Common-Cleaner"             daemon [_thread_blocked, id=16376, stack(0x000000021d800000,0x000000021d900000) (1024K)]
  0x0000015eaa3896a0 JavaThread "Notification Thread"        daemon [_thread_blocked, id=12064, stack(0x000000021d900000,0x000000021da00000) (1024K)]
=>0x0000015ea9ff7310 JavaThread "C2 CompilerThread1"         daemon [_thread_in_native, id=2688, stack(0x000000021da00000,0x000000021db00000) (1024K)]
  0x0000015ef13f3720 JavaThread "Daemon health stats"               [_thread_blocked, id=19528, stack(0x000000021e000000,0x000000021e100000) (1024K)]
  0x0000015ef10c73a0 JavaThread "Incoming local TCP Connector on port 53476"        [_thread_in_native, id=12588, stack(0x000000021e400000,0x000000021e500000) (1024K)]
  0x0000015ef1546050 JavaThread "Daemon periodic checks"            [_thread_blocked, id=1648, stack(0x000000021e500000,0x000000021e600000) (1024K)]
  0x0000015ef1419110 JavaThread "Daemon"                            [_thread_blocked, id=15456, stack(0x000000021e600000,0x000000021e700000) (1024K)]
  0x0000015ef1373090 JavaThread "Handler for socket connection from /127.0.0.1:53476 to /127.0.0.1:53477"        [_thread_in_native, id=6012, stack(0x000000021e700000,0x000000021e800000) (1024K)]
  0x0000015ef13dd960 JavaThread "Cancel handler"                    [_thread_blocked, id=14812, stack(0x000000021e800000,0x000000021e900000) (1024K)]
  0x0000015ef136a2e0 JavaThread "Daemon worker"                     [_thread_in_native, id=904, stack(0x000000021e900000,0x000000021ea00000) (1024K)]
  0x0000015ef13695c0 JavaThread "Asynchronous log dispatcher for DefaultDaemonConnection: socket connection from /127.0.0.1:53476 to /127.0.0.1:53477"        [_thread_blocked, id=14668, stack(0x000000021ea00000,0x000000021eb00000) (1024K)]
  0x0000015ef136a970 JavaThread "Stdin handler"                     [_thread_blocked, id=7024, stack(0x000000021eb00000,0x000000021ec00000) (1024K)]
  0x0000015ef1368f30 JavaThread "Daemon client event forwarder"        [_thread_blocked, id=8380, stack(0x000000021ec00000,0x000000021ed00000) (1024K)]
  0x0000015ef1369c50 JavaThread "Cache worker for journal cache (C:\Users\Р СѓРЅРЅРё\.gradle\caches\journal-1)"        [_thread_blocked, id=17788, stack(0x000000021ed00000,0x000000021ee00000) (1024K)]
  0x0000015ef13688a0 JavaThread "File lock request listener"        [_thread_in_native, id=17548, stack(0x000000021ee00000,0x000000021ef00000) (1024K)]
  0x0000015ef136b000 JavaThread "Cache worker for file hash cache (C:\Users\Р СѓРЅРЅРё\.gradle\caches\8.8\fileHashes)"        [_thread_blocked, id=17376, stack(0x000000021ef00000,0x000000021f000000) (1024K)]
  0x0000015ea9ff5ea0 JavaThread "C2 CompilerThread2"         daemon [_thread_in_native, id=1436, stack(0x000000021f000000,0x000000021f100000) (1024K)]
Total: 26

Other Threads:
  0x0000015e8994a5e0 VMThread "VM Thread"                           [id=8512, stack(0x000000021cf00000,0x000000021d000000) (1024K)]
  0x0000015ea9f995a0 WatcherThread "VM Periodic Task Thread"        [id=17428, stack(0x000000021ce00000,0x000000021cf00000) (1024K)]
  0x0000015e8994a980 WorkerThread "GC Thread#0"                     [id=4576, stack(0x000000021c900000,0x000000021ca00000) (1024K)]
  0x0000015e8994b460 WorkerThread "GC Thread#1"                     [id=9660, stack(0x000000021db00000,0x000000021dc00000) (1024K)]
  0x0000015e8994b800 WorkerThread "GC Thread#2"                     [id=7496, stack(0x000000021dc00000,0x000000021dd00000) (1024K)]
  0x0000015e8994a240 WorkerThread "GC Thread#3"                     [id=7064, stack(0x000000021dd00000,0x000000021de00000) (1024K)]
  0x0000015eaa9132a0 WorkerThread "GC Thread#4"                     [id=19340, stack(0x000000021de00000,0x000000021df00000) (1024K)]
  0x0000015eaa9144c0 WorkerThread "GC Thread#5"                     [id=11900, stack(0x000000021df00000,0x000000021e000000) (1024K)]
  0x0000015eaa912f00 WorkerThread "GC Thread#6"                     [id=14044, stack(0x000000021e100000,0x000000021e200000) (1024K)]
  0x0000015eaa912420 WorkerThread "GC Thread#7"                     [id=6040, stack(0x000000021e200000,0x000000021e300000) (1024K)]
  0x0000015eaa914120 WorkerThread "GC Thread#8"                     [id=18316, stack(0x000000021e300000,0x000000021e400000) (1024K)]
  0x0000015e8bbc3630 ConcurrentGCThread "G1 Main Marker"            [id=19584, stack(0x000000021ca00000,0x000000021cb00000) (1024K)]
  0x0000015e8994b0c0 WorkerThread "G1 Conc#0"                       [id=4636, stack(0x000000021cb00000,0x000000021cc00000) (1024K)]
  0x0000015ea9e6d530 ConcurrentGCThread "G1 Refine#0"               [id=8656, stack(0x000000021cc00000,0x000000021cd00000) (1024K)]
  0x0000015ea9e6deb0 ConcurrentGCThread "G1 Service"                [id=19284, stack(0x000000021cd00000,0x000000021ce00000) (1024K)]
Total: 15

Threads with active compile tasks:
C2 CompilerThread0     1760 2641       4       java.lang.invoke.MethodType::makeImpl (109 bytes)
C2 CompilerThread1     1760 2593   !   4       java.lang.ClassLoader::loadClass (121 bytes)
C2 CompilerThread2     1760 2763       4       java.net.URLClassLoader$1::run (5 bytes)
Total: 3

VM state: not at safepoint (normal execution)

VM Mutex/Monitor currently owned by a thread: None

Heap address: 0x0000000740000000, size: 3072 MB, Compressed Oops mode: Zero based, Oop shift amount: 3

CDS archive(s) mapped at: [0x0000015eab000000-0x0000015eabc90000-0x0000015eabc90000), size 13172736, SharedBaseAddress: 0x0000015eab000000, ArchiveRelocationMode: 1.
Compressed class space mapped at: 0x0000015eac000000-0x0000015eec000000, reserved size: 1073741824
Narrow klass base: 0x0000015eab000000, Narrow klass shift: 0, Narrow klass range: 0x100000000

GC Precious Log:
 CardTable entry size: 512
 Card Set container configuration: InlinePtr #cards 4 size 8 Array Of Cards #cards 16 size 48 Howl #buckets 8 coarsen threshold 3686 Howl Bitmap #cards 512 size 80 coarsen threshold 460 Card regions per heap region 1 cards per card region 4096
 CPUs: 12 total, 12 available
 Memory: 16122M
 Large Page Support: Disabled
 NUMA Support: Disabled
 Compressed Oops: Enabled (Zero based)
 Heap Region Size: 2M
 Heap Min Capacity: 8M
 Heap Initial Capacity: 252M
 Heap Max Capacity: 3G
 Pre-touch: Disabled
 Parallel Workers: 10
 Concurrent Workers: 3
 Concurrent Refinement Workers: 10
 Periodic GC: Disabled

Heap:
 garbage-first heap   total 258048K, used 77764K [0x0000000740000000, 0x0000000800000000)
  region size 2048K, 34 young (69632K), 4 survivors (8192K)
 Metaspace       used 17602K, committed 18112K, reserved 1114112K
  class space    used 2479K, committed 2688K, reserved 1048576K

Heap Regions: E=young(eden), S=young(survivor), O=old, HS=humongous(starts), HC=humongous(continues), CS=collection set, F=free, TAMS=top-at-mark-start, PB=parsable bottom
|   0|0x0000000740000000, 0x0000000740200000, 0x0000000740200000|100%| O|  |TAMS 0x0000000740000000| PB 0x0000000740000000| Untracked 
|   1|0x0000000740200000, 0x0000000740400000, 0x0000000740400000|100%|HS|  |TAMS 0x0000000740200000| PB 0x0000000740200000| Complete 
|   2|0x0000000740400000, 0x0000000740600000, 0x0000000740600000|100%|HC|  |TAMS 0x0000000740400000| PB 0x0000000740400000| Complete 
|   3|0x0000000740600000, 0x0000000740800000, 0x0000000740800000|100%| O|  |TAMS 0x0000000740600000| PB 0x0000000740600000| Untracked 
|   4|0x0000000740800000, 0x00000007409f1050, 0x0000000740a00000| 97%| O|  |TAMS 0x0000000740800000| PB 0x0000000740800000| Untracked 
|   5|0x0000000740a00000, 0x0000000740a00000, 0x0000000740c00000|  0%| F|  |TAMS 0x0000000740a00000| PB 0x0000000740a00000| Untracked 
|   6|0x0000000740c00000, 0x0000000740c00000, 0x0000000740e00000|  0%| F|  |TAMS 0x0000000740c00000| PB 0x0000000740c00000| Untracked 
|   7|0x0000000740e00000, 0x0000000740e00000, 0x0000000741000000|  0%| F|  |TAMS 0x0000000740e00000| PB 0x0000000740e00000| Untracked 
|   8|0x0000000741000000, 0x0000000741000000, 0x0000000741200000|  0%| F|  |TAMS 0x0000000741000000| PB 0x0000000741000000| Untracked 
|   9|0x0000000741200000, 0x0000000741200000, 0x0000000741400000|  0%| F|  |TAMS 0x0000000741200000| PB 0x0000000741200000| Untracked 
|  10|0x0000000741400000, 0x0000000741400000, 0x0000000741600000|  0%| F|  |TAMS 0x0000000741400000| PB 0x0000000741400000| Untracked 
|  11|0x0000000741600000, 0x0000000741600000, 0x0000000741800000|  0%| F|  |TAMS 0x0000000741600000| PB 0x0000000741600000| Untracked 
|  12|0x0000000741800000, 0x0000000741800000, 0x0000000741a00000|  0%| F|  |TAMS 0x0000000741800000| PB 0x0000000741800000| Untracked 
|  13|0x0000000741a00000, 0x0000000741a00000, 0x0000000741c00000|  0%| F|  |TAMS 0x0000000741a00000| PB 0x0000000741a00000| Untracked 
|  14|0x0000000741c00000, 0x0000000741c00000, 0x0000000741e00000|  0%| F|  |TAMS 0x0000000741c00000| PB 0x0000000741c00000| Untracked 
|  15|0x0000000741e00000, 0x0000000741e00000, 0x0000000742000000|  0%| F|  |TAMS 0x0000000741e00000| PB 0x0000000741e00000| Untracked 
|  16|0x0000000742000000, 0x0000000742000000, 0x0000000742200000|  0%| F|  |TAMS 0x0000000742000000| PB 0x0000000742000000| Untracked 
|  17|0x0000000742200000, 0x0000000742200000, 0x0000000742400000|  0%| F|  |TAMS 0x0000000742200000| PB 0x0000000742200000| Untracked 
|  18|0x0000000742400000, 0x0000000742400000, 0x0000000742600000|  0%| F|  |TAMS 0x0000000742400000| PB 0x0000000742400000| Untracked 
|  19|0x0000000742600000, 0x0000000742600000, 0x0000000742800000|  0%| F|  |TAMS 0x0000000742600000| PB 0x0000000742600000| Untracked 
|  20|0x0000000742800000, 0x0000000742800000, 0x0000000742a00000|  0%| F|  |TAMS 0x0000000742800000| PB 0x0000000742800000| Untracked 
|  21|0x0000000742a00000, 0x0000000742a00000, 0x0000000742c00000|  0%| F|  |TAMS 0x0000000742a00000| PB 0x0000000742a00000| Untracked 
|  22|0x0000000742c00000, 0x0000000742c00000, 0x0000000742e00000|  0%| F|  |TAMS 0x0000000742c00000| PB 0x0000000742c00000| Untracked 
|  23|0x0000000742e00000, 0x0000000742e00000, 0x0000000743000000|  0%| F|  |TAMS 0x0000000742e00000| PB 0x0000000742e00000| Untracked 
|  24|0x0000000743000000, 0x0000000743000000, 0x0000000743200000|  0%| F|  |TAMS 0x0000000743000000| PB 0x0000000743000000| Untracked 
|  25|0x0000000743200000, 0x0000000743200000, 0x0000000743400000|  0%| F|  |TAMS 0x0000000743200000| PB 0x0000000743200000| Untracked 
|  26|0x0000000743400000, 0x0000000743400000, 0x0000000743600000|  0%| F|  |TAMS 0x0000000743400000| PB 0x0000000743400000| Untracked 
|  27|0x0000000743600000, 0x0000000743600000, 0x0000000743800000|  0%| F|  |TAMS 0x0000000743600000| PB 0x0000000743600000| Untracked 
|  28|0x0000000743800000, 0x0000000743800000, 0x0000000743a00000|  0%| F|  |TAMS 0x0000000743800000| PB 0x0000000743800000| Untracked 
|  29|0x0000000743a00000, 0x0000000743a00000, 0x0000000743c00000|  0%| F|  |TAMS 0x0000000743a00000| PB 0x0000000743a00000| Untracked 
|  30|0x0000000743c00000, 0x0000000743c00000, 0x0000000743e00000|  0%| F|  |TAMS 0x0000000743c00000| PB 0x0000000743c00000| Untracked 
|  31|0x0000000743e00000, 0x0000000743e00000, 0x0000000744000000|  0%| F|  |TAMS 0x0000000743e00000| PB 0x0000000743e00000| Untracked 
|  32|0x0000000744000000, 0x0000000744000000, 0x0000000744200000|  0%| F|  |TAMS 0x0000000744000000| PB 0x0000000744000000| Untracked 
|  33|0x0000000744200000, 0x0000000744200000, 0x0000000744400000|  0%| F|  |TAMS 0x0000000744200000| PB 0x0000000744200000| Untracked 
|  34|0x0000000744400000, 0x0000000744400000, 0x0000000744600000|  0%| F|  |TAMS 0x0000000744400000| PB 0x0000000744400000| Untracked 
|  35|0x0000000744600000, 0x0000000744600000, 0x0000000744800000|  0%| F|  |TAMS 0x0000000744600000| PB 0x0000000744600000| Untracked 
|  36|0x0000000744800000, 0x0000000744800000, 0x0000000744a00000|  0%| F|  |TAMS 0x0000000744800000| PB 0x0000000744800000| Untracked 
|  37|0x0000000744a00000, 0x0000000744a00000, 0x0000000744c00000|  0%| F|  |TAMS 0x0000000744a00000| PB 0x0000000744a00000| Untracked 
|  38|0x0000000744c00000, 0x0000000744c00000, 0x0000000744e00000|  0%| F|  |TAMS 0x0000000744c00000| PB 0x0000000744c00000| Untracked 
|  39|0x0000000744e00000, 0x0000000744e00000, 0x0000000745000000|  0%| F|  |TAMS 0x0000000744e00000| PB 0x0000000744e00000| Untracked 
|  40|0x0000000745000000, 0x0000000745000000, 0x0000000745200000|  0%| F|  |TAMS 0x0000000745000000| PB 0x0000000745000000| Untracked 
|  41|0x0000000745200000, 0x0000000745200000, 0x0000000745400000|  0%| F|  |TAMS 0x0000000745200000| PB 0x0000000745200000| Untracked 
|  42|0x0000000745400000, 0x0000000745400000, 0x0000000745600000|  0%| F|  |TAMS 0x0000000745400000| PB 0x0000000745400000| Untracked 
|  43|0x0000000745600000, 0x0000000745600000, 0x0000000745800000|  0%| F|  |TAMS 0x0000000745600000| PB 0x0000000745600000| Untracked 
|  44|0x0000000745800000, 0x0000000745800000, 0x0000000745a00000|  0%| F|  |TAMS 0x0000000745800000| PB 0x0000000745800000| Untracked 
|  45|0x0000000745a00000, 0x0000000745a00000, 0x0000000745c00000|  0%| F|  |TAMS 0x0000000745a00000| PB 0x0000000745a00000| Untracked 
|  46|0x0000000745c00000, 0x0000000745c00000, 0x0000000745e00000|  0%| F|  |TAMS 0x0000000745c00000| PB 0x0000000745c00000| Untracked 
|  47|0x0000000745e00000, 0x0000000745e00000, 0x0000000746000000|  0%| F|  |TAMS 0x0000000745e00000| PB 0x0000000745e00000| Untracked 
|  48|0x0000000746000000, 0x0000000746000000, 0x0000000746200000|  0%| F|  |TAMS 0x0000000746000000| PB 0x0000000746000000| Untracked 
|  49|0x0000000746200000, 0x0000000746200000, 0x0000000746400000|  0%| F|  |TAMS 0x0000000746200000| PB 0x0000000746200000| Untracked 
|  50|0x0000000746400000, 0x0000000746400000, 0x0000000746600000|  0%| F|  |TAMS 0x0000000746400000| PB 0x0000000746400000| Untracked 
|  51|0x0000000746600000, 0x0000000746600000, 0x0000000746800000|  0%| F|  |TAMS 0x0000000746600000| PB 0x0000000746600000| Untracked 
|  52|0x0000000746800000, 0x0000000746800000, 0x0000000746a00000|  0%| F|  |TAMS 0x0000000746800000| PB 0x0000000746800000| Untracked 
|  53|0x0000000746a00000, 0x0000000746a00000, 0x0000000746c00000|  0%| F|  |TAMS 0x0000000746a00000| PB 0x0000000746a00000| Untracked 
|  54|0x0000000746c00000, 0x0000000746c00000, 0x0000000746e00000|  0%| F|  |TAMS 0x0000000746c00000| PB 0x0000000746c00000| Untracked 
|  55|0x0000000746e00000, 0x0000000746e00000, 0x0000000747000000|  0%| F|  |TAMS 0x0000000746e00000| PB 0x0000000746e00000| Untracked 
|  56|0x0000000747000000, 0x0000000747000000, 0x0000000747200000|  0%| F|  |TAMS 0x0000000747000000| PB 0x0000000747000000| Untracked 
|  57|0x0000000747200000, 0x0000000747200000, 0x0000000747400000|  0%| F|  |TAMS 0x0000000747200000| PB 0x0000000747200000| Untracked 
|  58|0x0000000747400000, 0x0000000747400000, 0x0000000747600000|  0%| F|  |TAMS 0x0000000747400000| PB 0x0000000747400000| Untracked 
|  59|0x0000000747600000, 0x0000000747600000, 0x0000000747800000|  0%| F|  |TAMS 0x0000000747600000| PB 0x0000000747600000| Untracked 
|  60|0x0000000747800000, 0x0000000747800000, 0x0000000747a00000|  0%| F|  |TAMS 0x0000000747800000| PB 0x0000000747800000| Untracked 
|  61|0x0000000747a00000, 0x0000000747a00000, 0x0000000747c00000|  0%| F|  |TAMS 0x0000000747a00000| PB 0x0000000747a00000| Untracked 
|  62|0x0000000747c00000, 0x0000000747c00000, 0x0000000747e00000|  0%| F|  |TAMS 0x0000000747c00000| PB 0x0000000747c00000| Untracked 
|  63|0x0000000747e00000, 0x0000000747e00000, 0x0000000748000000|  0%| F|  |TAMS 0x0000000747e00000| PB 0x0000000747e00000| Untracked 
|  64|0x0000000748000000, 0x0000000748000000, 0x0000000748200000|  0%| F|  |TAMS 0x0000000748000000| PB 0x0000000748000000| Untracked 
|  65|0x0000000748200000, 0x0000000748200000, 0x0000000748400000|  0%| F|  |TAMS 0x0000000748200000| PB 0x0000000748200000| Untracked 
|  66|0x0000000748400000, 0x0000000748400000, 0x0000000748600000|  0%| F|  |TAMS 0x0000000748400000| PB 0x0000000748400000| Untracked 
|  67|0x0000000748600000, 0x0000000748600000, 0x0000000748800000|  0%| F|  |TAMS 0x0000000748600000| PB 0x0000000748600000| Untracked 
|  68|0x0000000748800000, 0x0000000748800000, 0x0000000748a00000|  0%| F|  |TAMS 0x0000000748800000| PB 0x0000000748800000| Untracked 
|  69|0x0000000748a00000, 0x0000000748a00000, 0x0000000748c00000|  0%| F|  |TAMS 0x0000000748a00000| PB 0x0000000748a00000| Untracked 
|  70|0x0000000748c00000, 0x0000000748c00000, 0x0000000748e00000|  0%| F|  |TAMS 0x0000000748c00000| PB 0x0000000748c00000| Untracked 
|  71|0x0000000748e00000, 0x0000000748e00000, 0x0000000749000000|  0%| F|  |TAMS 0x0000000748e00000| PB 0x0000000748e00000| Untracked 
|  72|0x0000000749000000, 0x0000000749000000, 0x0000000749200000|  0%| F|  |TAMS 0x0000000749000000| PB 0x0000000749000000| Untracked 
|  73|0x0000000749200000, 0x0000000749200000, 0x0000000749400000|  0%| F|  |TAMS 0x0000000749200000| PB 0x0000000749200000| Untracked 
|  74|0x0000000749400000, 0x0000000749400000, 0x0000000749600000|  0%| F|  |TAMS 0x0000000749400000| PB 0x0000000749400000| Untracked 
|  75|0x0000000749600000, 0x0000000749600000, 0x0000000749800000|  0%| F|  |TAMS 0x0000000749600000| PB 0x0000000749600000| Untracked 
|  76|0x0000000749800000, 0x0000000749800000, 0x0000000749a00000|  0%| F|  |TAMS 0x0000000749800000| PB 0x0000000749800000| Untracked 
|  77|0x0000000749a00000, 0x0000000749a00000, 0x0000000749c00000|  0%| F|  |TAMS 0x0000000749a00000| PB 0x0000000749a00000| Untracked 
|  78|0x0000000749c00000, 0x0000000749c00000, 0x0000000749e00000|  0%| F|  |TAMS 0x0000000749c00000| PB 0x0000000749c00000| Untracked 
|  79|0x0000000749e00000, 0x0000000749e00000, 0x000000074a000000|  0%| F|  |TAMS 0x0000000749e00000| PB 0x0000000749e00000| Untracked 
|  80|0x000000074a000000, 0x000000074a000000, 0x000000074a200000|  0%| F|  |TAMS 0x000000074a000000| PB 0x000000074a000000| Untracked 
|  81|0x000000074a200000, 0x000000074a200000, 0x000000074a400000|  0%| F|  |TAMS 0x000000074a200000| PB 0x000000074a200000| Untracked 
|  82|0x000000074a400000, 0x000000074a400000, 0x000000074a600000|  0%| F|  |TAMS 0x000000074a400000| PB 0x000000074a400000| Untracked 
|  83|0x000000074a600000, 0x000000074a600000, 0x000000074a800000|  0%| F|  |TAMS 0x000000074a600000| PB 0x000000074a600000| Untracked 
|  84|0x000000074a800000, 0x000000074a800000, 0x000000074aa00000|  0%| F|  |TAMS 0x000000074a800000| PB 0x000000074a800000| Untracked 
|  85|0x000000074aa00000, 0x000000074aa00000, 0x000000074ac00000|  0%| F|  |TAMS 0x000000074aa00000| PB 0x000000074aa00000| Untracked 
|  86|0x000000074ac00000, 0x000000074ac00000, 0x000000074ae00000|  0%| F|  |TAMS 0x000000074ac00000| PB 0x000000074ac00000| Untracked 
|  87|0x000000074ae00000, 0x000000074ae00000, 0x000000074b000000|  0%| F|  |TAMS 0x000000074ae00000| PB 0x000000074ae00000| Untracked 
|  88|0x000000074b000000, 0x000000074b000000, 0x000000074b200000|  0%| F|  |TAMS 0x000000074b000000| PB 0x000000074b000000| Untracked 
|  89|0x000000074b200000, 0x000000074b200000, 0x000000074b400000|  0%| F|  |TAMS 0x000000074b200000| PB 0x000000074b200000| Untracked 
|  90|0x000000074b400000, 0x000000074b400000, 0x000000074b600000|  0%| F|  |TAMS 0x000000074b400000| PB 0x000000074b400000| Untracked 
|  91|0x000000074b600000, 0x000000074b600000, 0x000000074b800000|  0%| F|  |TAMS 0x000000074b600000| PB 0x000000074b600000| Untracked 
|  92|0x000000074b800000, 0x000000074b9e6228, 0x000000074ba00000| 94%| E|  |TAMS 0x000000074b800000| PB 0x000000074b800000| Complete 
|  93|0x000000074ba00000, 0x000000074bc00000, 0x000000074bc00000|100%| E|CS|TAMS 0x000000074ba00000| PB 0x000000074ba00000| Complete 
|  94|0x000000074bc00000, 0x000000074be00000, 0x000000074be00000|100%| E|CS|TAMS 0x000000074bc00000| PB 0x000000074bc00000| Complete 
|  95|0x000000074be00000, 0x000000074c000000, 0x000000074c000000|100%| E|CS|TAMS 0x000000074be00000| PB 0x000000074be00000| Complete 
|  96|0x000000074c000000, 0x000000074c200000, 0x000000074c200000|100%| S|CS|TAMS 0x000000074c000000| PB 0x000000074c000000| Complete 
|  97|0x000000074c200000, 0x000000074c400000, 0x000000074c400000|100%| S|CS|TAMS 0x000000074c200000| PB 0x000000074c200000| Complete 
|  98|0x000000074c400000, 0x000000074c600000, 0x000000074c600000|100%| S|CS|TAMS 0x000000074c400000| PB 0x000000074c400000| Complete 
|  99|0x000000074c600000, 0x000000074c800000, 0x000000074c800000|100%| S|CS|TAMS 0x000000074c600000| PB 0x000000074c600000| Complete 
| 100|0x000000074c800000, 0x000000074ca00000, 0x000000074ca00000|100%| E|CS|TAMS 0x000000074c800000| PB 0x000000074c800000| Complete 
| 101|0x000000074ca00000, 0x000000074cc00000, 0x000000074cc00000|100%| E|CS|TAMS 0x000000074ca00000| PB 0x000000074ca00000| Complete 
| 102|0x000000074cc00000, 0x000000074ce00000, 0x000000074ce00000|100%| E|CS|TAMS 0x000000074cc00000| PB 0x000000074cc00000| Complete 
| 103|0x000000074ce00000, 0x000000074d000000, 0x000000074d000000|100%| E|CS|TAMS 0x000000074ce00000| PB 0x000000074ce00000| Complete 
| 104|0x000000074d000000, 0x000000074d200000, 0x000000074d200000|100%| E|CS|TAMS 0x000000074d000000| PB 0x000000074d000000| Complete 
| 105|0x000000074d200000, 0x000000074d400000, 0x000000074d400000|100%| E|CS|TAMS 0x000000074d200000| PB 0x000000074d200000| Complete 
| 106|0x000000074d400000, 0x000000074d600000, 0x000000074d600000|100%| E|CS|TAMS 0x000000074d400000| PB 0x000000074d400000| Complete 
| 107|0x000000074d600000, 0x000000074d800000, 0x000000074d800000|100%| E|CS|TAMS 0x000000074d600000| PB 0x000000074d600000| Complete 
| 108|0x000000074d800000, 0x000000074da00000, 0x000000074da00000|100%| E|CS|TAMS 0x000000074d800000| PB 0x000000074d800000| Complete 
| 109|0x000000074da00000, 0x000000074dc00000, 0x000000074dc00000|100%| E|CS|TAMS 0x000000074da00000| PB 0x000000074da00000| Complete 
| 110|0x000000074dc00000, 0x000000074de00000, 0x000000074de00000|100%| E|CS|TAMS 0x000000074dc00000| PB 0x000000074dc00000| Complete 
| 111|0x000000074de00000, 0x000000074e000000, 0x000000074e000000|100%| E|CS|TAMS 0x000000074de00000| PB 0x000000074de00000| Complete 
| 112|0x000000074e000000, 0x000000074e200000, 0x000000074e200000|100%| E|CS|TAMS 0x000000074e000000| PB 0x000000074e000000| Complete 
| 113|0x000000074e200000, 0x000000074e400000, 0x000000074e400000|100%| E|CS|TAMS 0x000000074e200000| PB 0x000000074e200000| Complete 
| 114|0x000000074e400000, 0x000000074e600000, 0x000000074e600000|100%| E|CS|TAMS 0x000000074e400000| PB 0x000000074e400000| Complete 
| 115|0x000000074e600000, 0x000000074e800000, 0x000000074e800000|100%| E|CS|TAMS 0x000000074e600000| PB 0x000000074e600000| Complete 
| 116|0x000000074e800000, 0x000000074ea00000, 0x000000074ea00000|100%| E|CS|TAMS 0x000000074e800000| PB 0x000000074e800000| Complete 
| 117|0x000000074ea00000, 0x000000074ec00000, 0x000000074ec00000|100%| E|CS|TAMS 0x000000074ea00000| PB 0x000000074ea00000| Complete 
| 118|0x000000074ec00000, 0x000000074ee00000, 0x000000074ee00000|100%| E|CS|TAMS 0x000000074ec00000| PB 0x000000074ec00000| Complete 
| 119|0x000000074ee00000, 0x000000074f000000, 0x000000074f000000|100%| E|CS|TAMS 0x000000074ee00000| PB 0x000000074ee00000| Complete 
| 120|0x000000074f000000, 0x000000074f200000, 0x000000074f200000|100%| E|CS|TAMS 0x000000074f000000| PB 0x000000074f000000| Complete 
| 121|0x000000074f200000, 0x000000074f400000, 0x000000074f400000|100%| E|CS|TAMS 0x000000074f200000| PB 0x000000074f200000| Complete 
| 122|0x000000074f400000, 0x000000074f600000, 0x000000074f600000|100%| E|CS|TAMS 0x000000074f400000| PB 0x000000074f400000| Complete 
| 123|0x000000074f600000, 0x000000074f800000, 0x000000074f800000|100%| E|CS|TAMS 0x000000074f600000| PB 0x000000074f600000| Complete 
| 124|0x000000074f800000, 0x000000074fa00000, 0x000000074fa00000|100%| E|CS|TAMS 0x000000074f800000| PB 0x000000074f800000| Complete 
| 125|0x000000074fa00000, 0x000000074fc00000, 0x000000074fc00000|100%| E|CS|TAMS 0x000000074fa00000| PB 0x000000074fa00000| Complete 

Card table byte_map: [0x0000015ea3d90000,0x0000015ea4390000] _byte_map_base: 0x0000015ea0390000

Marking Bits: (CMBitMap*) 0x0000015e8bbb6ba0
 Bits: [0x0000015ea4390000, 0x0000015ea7390000)

Polling page: 0x0000015e89930000

Metaspace:

Usage:
  Non-class:     14.80 MB used.
      Class:      2.43 MB used.
       Both:     17.23 MB used.

Virtual space:
  Non-class space:       64.00 MB reserved,      15.12 MB ( 24%) committed,  1 nodes.
      Class space:        1.00 GB reserved,       2.62 MB ( <1%) committed,  1 nodes.
             Both:        1.06 GB reserved,      17.75 MB (  2%) committed. 

Chunk freelists:
   Non-Class:  880.00 KB
       Class:  13.38 MB
        Both:  14.24 MB

MaxMetaspaceSize: unlimited
CompressedClassSpaceSize: 1.00 GB
Initial GC threshold: 21.00 MB
Current GC threshold: 21.00 MB
CDS: on
 - commit_granule_bytes: 65536.
 - commit_granule_words: 8192.
 - virtual_space_node_default_size: 8388608.
 - enlarge_chunks_in_place: 1.
 - use_allocation_guard: 0.


Internal statistics:

num_allocs_failed_limit: 0.
num_arena_births: 654.
num_arena_deaths: 0.
num_vsnodes_births: 2.
num_vsnodes_deaths: 0.
num_space_committed: 284.
num_space_uncommitted: 0.
num_chunks_returned_to_freelist: 0.
num_chunks_taken_from_freelist: 1282.
num_chunk_merges: 0.
num_chunk_splits: 834.
num_chunks_enlarged: 572.
num_inconsistent_stats: 0.

CodeHeap 'non-profiled nmethods': size=120000Kb used=1397Kb max_used=1397Kb free=118602Kb
 bounds [0x0000015e9bd10000, 0x0000015e9bf80000, 0x0000015ea3240000]
CodeHeap 'profiled nmethods': size=120000Kb used=5454Kb max_used=5454Kb free=114545Kb
 bounds [0x0000015e94240000, 0x0000015e947a0000, 0x0000015e9b770000]
CodeHeap 'non-nmethods': size=5760Kb used=1664Kb max_used=1678Kb free=4096Kb
 bounds [0x0000015e9b770000, 0x0000015e9b9e0000, 0x0000015e9bd10000]
 total_blobs=3339 nmethods=2769 adapters=474
 compilation: enabled
              stopped_count=0, restarted_count=0
 full_count=0

Compilation events (20 events):
Event: 1.711 Thread 0x0000015ea9ff5ea0 nmethod 2758 0x0000015e9be6c690 code [0x0000015e9be6c820, 0x0000015e9be6c8f0]
Event: 1.712 Thread 0x0000015ea9ff5ea0 2759   !   4       java.util.zip.Inflater::inflate (456 bytes)
Event: 1.713 Thread 0x0000015ea9ff8780 2760       3       java.lang.Package$VersionInfo::<init> (44 bytes)
Event: 1.713 Thread 0x0000015ea9ff8780 nmethod 2760 0x0000015e94784f90 code [0x0000015e94785140, 0x0000015e94785570]
Event: 1.714 Thread 0x0000015ea9ff8780 2761   !   3       org.gradle.internal.classloader.TransformingClassLoader::findClass (203 bytes)
Event: 1.714 Thread 0x0000015ea9ff5ea0 nmethod 2759 0x0000015e9be6c990 code [0x0000015e9be6cb60, 0x0000015e9be6d128]
Event: 1.715 Thread 0x0000015ea9ff8780 nmethod 2761 0x0000015e94785690 code [0x0000015e94785b80, 0x0000015e94787f50]
Event: 1.715 Thread 0x0000015ea9ff8780 2762       3       org.gradle.initialization.MixInLegacyTypesClassLoader::shouldTransform (42 bytes)
Event: 1.715 Thread 0x0000015ea9ff8780 nmethod 2762 0x0000015e94788f10 code [0x0000015e947890e0, 0x0000015e947894f0]
Event: 1.716 Thread 0x0000015ea9ff5ea0 2763       4       java.net.URLClassLoader$1::run (5 bytes)
Event: 1.723 Thread 0x0000015ea9ff8780 2764       3       java.nio.ByteBuffer::limit (6 bytes)
Event: 1.723 Thread 0x0000015ea9ff8780 nmethod 2764 0x0000015e94789690 code [0x0000015e94789840, 0x0000015e94789a08]
Event: 1.723 Thread 0x0000015ea9ff8780 2765       3       jdk.internal.loader.AbstractClassLoaderValue$Sub::hashCode (19 bytes)
Event: 1.723 Thread 0x0000015ea9ff8780 nmethod 2765 0x0000015e94789a90 code [0x0000015e94789c60, 0x0000015e94789fe0]
Event: 1.738 Thread 0x0000015ea9ff8780 2767       3       org.gradle.internal.service.ServiceScopeValidator::getAnnotations (4 bytes)
Event: 1.738 Thread 0x0000015ea9ff8780 nmethod 2767 0x0000015e9478a110 code [0x0000015e9478a2a0, 0x0000015e9478a3b8]
Event: 1.738 Thread 0x0000015ea9ff8780 2768       3       jdk.internal.loader.AbstractClassLoaderValue::extractValue (17 bytes)
Event: 1.738 Thread 0x0000015ea9ff8780 nmethod 2768 0x0000015e9478a490 code [0x0000015e9478a660, 0x0000015e9478a9f0]
Event: 1.742 Thread 0x0000015ea9ff8780 2769       3       org.gradle.internal.service.DefaultServiceRegistry$FactoryService::<init> (7 bytes)
Event: 1.742 Thread 0x0000015ea9ff8780 nmethod 2769 0x0000015e9478ab10 code [0x0000015e9478ad20, 0x0000015e9478b5a8]

GC Heap History (6 events):
Event: 0.324 GC heap before
{Heap before GC invocations=0 (full 0):
 garbage-first heap   total 258048K, used 22528K [0x0000000740000000, 0x0000000800000000)
  region size 2048K, 11 young (22528K), 0 survivors (0K)
 Metaspace       used 1101K, committed 1216K, reserved 1114112K
  class space    used 83K, committed 128K, reserved 1048576K
}
Event: 0.326 GC heap after
{Heap after GC invocations=1 (full 0):
 garbage-first heap   total 258048K, used 4175K [0x0000000740000000, 0x0000000800000000)
  region size 2048K, 2 young (4096K), 2 survivors (4096K)
 Metaspace       used 1101K, committed 1216K, reserved 1114112K
  class space    used 83K, committed 128K, reserved 1048576K
}
Event: 0.714 GC heap before
{Heap before GC invocations=1 (full 0):
 garbage-first heap   total 258048K, used 45135K [0x0000000740000000, 0x0000000800000000)
  region size 2048K, 20 young (40960K), 2 survivors (4096K)
 Metaspace       used 4207K, committed 4416K, reserved 1114112K
  class space    used 522K, committed 640K, reserved 1048576K
}
Event: 0.717 GC heap after
{Heap after GC invocations=2 (full 0):
 garbage-first heap   total 258048K, used 12130K [0x0000000740000000, 0x0000000800000000)
  region size 2048K, 2 young (4096K), 2 survivors (4096K)
 Metaspace       used 4207K, committed 4416K, reserved 1114112K
  class space    used 522K, committed 640K, reserved 1048576K
}
Event: 1.084 GC heap before
{Heap before GC invocations=2 (full 0):
 garbage-first heap   total 258048K, used 59234K [0x0000000740000000, 0x0000000800000000)
  region size 2048K, 26 young (53248K), 2 survivors (4096K)
 Metaspace       used 6645K, committed 6848K, reserved 1114112K
  class space    used 874K, committed 960K, reserved 1048576K
}
Event: 1.087 GC heap after
{Heap after GC invocations=3 (full 0):
 garbage-first heap   total 258048K, used 18372K [0x0000000740000000, 0x0000000800000000)
  region size 2048K, 4 young (8192K), 4 survivors (8192K)
 Metaspace       used 6645K, committed 6848K, reserved 1114112K
  class space    used 874K, committed 960K, reserved 1048576K
}

Dll operation events (15 events):
Event: 0.006 Loaded shared library C:\Program Files\Eclipse Adoptium\jdk-21.0.4.7-hotspot\bin\java.dll
Event: 0.031 Loaded shared library C:\Program Files\Eclipse Adoptium\jdk-21.0.4.7-hotspot\bin\jsvml.dll
Event: 0.056 Loaded shared library C:\Program Files\Eclipse Adoptium\jdk-21.0.4.7-hotspot\bin\zip.dll
Event: 0.059 Loaded shared library C:\Program Files\Eclipse Adoptium\jdk-21.0.4.7-hotspot\bin\instrument.dll
Event: 0.064 Loaded shared library C:\Program Files\Eclipse Adoptium\jdk-21.0.4.7-hotspot\bin\net.dll
Event: 0.066 Loaded shared library C:\Program Files\Eclipse Adoptium\jdk-21.0.4.7-hotspot\bin\nio.dll
Event: 0.070 Loaded shared library C:\Program Files\Eclipse Adoptium\jdk-21.0.4.7-hotspot\bin\zip.dll
Event: 0.258 Loaded shared library C:\Program Files\Eclipse Adoptium\jdk-21.0.4.7-hotspot\bin\jimage.dll
Event: 0.338 Loaded shared library C:\Program Files\Eclipse Adoptium\jdk-21.0.4.7-hotspot\bin\verify.dll
Event: 0.434 Loaded shared library C:\Users\Рунни\.gradle\native\c067742578af261105cb4f569cf0c3c89f3d7b1fecec35dd04571415982c5e48\windows-amd64\native-platform.dll
Event: 0.438 Loaded shared library C:\Users\Рунни\.gradle\native\100fb08df4bc3b14c8652ba06237920a3bd2aa13389f12d3474272988ae205f9\windows-amd64\native-platform-file-events.dll
Event: 1.051 Loaded shared library C:\Program Files\Eclipse Adoptium\jdk-21.0.4.7-hotspot\bin\management.dll
Event: 1.055 Loaded shared library C:\Program Files\Eclipse Adoptium\jdk-21.0.4.7-hotspot\bin\management_ext.dll
Event: 1.188 Loaded shared library C:\Program Files\Eclipse Adoptium\jdk-21.0.4.7-hotspot\bin\extnet.dll
Event: 1.289 Loaded shared library C:\Program Files\Eclipse Adoptium\jdk-21.0.4.7-hotspot\bin\sunmscapi.dll

Deoptimization events (20 events):
Event: 1.548 Thread 0x0000015ef136a2e0 Uncommon trap: trap_request=0xffffffbe fr.pc=0x0000015e9be1ef7c relative=0x00000000000006fc
Event: 1.548 Thread 0x0000015ef136a2e0 Uncommon trap: reason=profile_predicate action=maybe_recompile pc=0x0000015e9be1ef7c method=java.lang.Integer.parseInt(Ljava/lang/String;I)I @ 178 c2
Event: 1.548 Thread 0x0000015ef136a2e0 DEOPT PACKING pc=0x0000015e9be1ef7c sp=0x000000021e9fb010
Event: 1.548 Thread 0x0000015ef136a2e0 DEOPT UNPACKING pc=0x0000015e9b7c7da2 sp=0x000000021e9faf88 mode 2
Event: 1.583 Thread 0x0000015ef136a2e0 Uncommon trap: trap_request=0xffffff45 fr.pc=0x0000015e9bd3b410 relative=0x0000000000001130
Event: 1.583 Thread 0x0000015ef136a2e0 Uncommon trap: reason=unstable_if action=reinterpret pc=0x0000015e9bd3b410 method=java.io.WinNTFileSystem.resolve(Ljava/lang/String;Ljava/lang/String;)Ljava/lang/String; @ 19 c2
Event: 1.583 Thread 0x0000015ef136a2e0 DEOPT PACKING pc=0x0000015e9bd3b410 sp=0x000000021e9fbda0
Event: 1.583 Thread 0x0000015ef136a2e0 DEOPT UNPACKING pc=0x0000015e9b7c7da2 sp=0x000000021e9fbd48 mode 2
Event: 1.584 Thread 0x0000015ef136a2e0 Uncommon trap: trap_request=0xffffff45 fr.pc=0x0000015e9bd9e150 relative=0x0000000000000290
Event: 1.584 Thread 0x0000015ef136a2e0 Uncommon trap: reason=unstable_if action=reinterpret pc=0x0000015e9bd9e150 method=java.io.File.getName()Ljava/lang/String; @ 16 c2
Event: 1.584 Thread 0x0000015ef136a2e0 DEOPT PACKING pc=0x0000015e9bd9e150 sp=0x000000021e9fbda0
Event: 1.584 Thread 0x0000015ef136a2e0 DEOPT UNPACKING pc=0x0000015e9b7c7da2 sp=0x000000021e9fbd30 mode 2
Event: 1.616 Thread 0x0000015ef136a2e0 Uncommon trap: trap_request=0xffffff45 fr.pc=0x0000015e9bd3cd94 relative=0x00000000000000f4
Event: 1.616 Thread 0x0000015ef136a2e0 Uncommon trap: reason=unstable_if action=reinterpret pc=0x0000015e9bd3cd94 method=java.util.HashMap.hash(Ljava/lang/Object;)I @ 1 c2
Event: 1.616 Thread 0x0000015ef136a2e0 DEOPT PACKING pc=0x0000015e9bd3cd94 sp=0x000000021e9fcc10
Event: 1.616 Thread 0x0000015ef136a2e0 DEOPT UNPACKING pc=0x0000015e9b7c7da2 sp=0x000000021e9fcb50 mode 2
Event: 1.636 Thread 0x0000015ef136a2e0 Uncommon trap: trap_request=0xffffff45 fr.pc=0x0000015e9bdc1c40 relative=0x00000000000007e0
Event: 1.636 Thread 0x0000015ef136a2e0 Uncommon trap: reason=unstable_if action=reinterpret pc=0x0000015e9bdc1c40 method=java.util.ArrayList.grow(I)[Ljava/lang/Object; @ 17 c2
Event: 1.636 Thread 0x0000015ef136a2e0 DEOPT PACKING pc=0x0000015e9bdc1c40 sp=0x000000021e9fd840
Event: 1.636 Thread 0x0000015ef136a2e0 DEOPT UNPACKING pc=0x0000015e9b7c7da2 sp=0x000000021e9fd6d8 mode 2

Classes loaded (20 events):
Event: 1.649 Loading class java/lang/invoke/BoundMethodHandle$Species_LLLLLLLLLLLLLLLL
Event: 1.649 Loading class java/lang/invoke/BoundMethodHandle$Species_LLLLLLLLLLLLLLLL done
Event: 1.650 Loading class java/lang/invoke/BoundMethodHandle$Species_LLLLLLLLLLLLLLLLL
Event: 1.650 Loading class java/lang/invoke/BoundMethodHandle$Species_LLLLLLLLLLLLLLLLL done
Event: 1.651 Loading class java/lang/invoke/BoundMethodHandle$Species_LLLLLLLLLLLLLLLLLL
Event: 1.651 Loading class java/lang/invoke/BoundMethodHandle$Species_LLLLLLLLLLLLLLLLLL done
Event: 1.652 Loading class java/lang/invoke/BoundMethodHandle$Species_LLLLLLLLLLLLLLLLLLL
Event: 1.652 Loading class java/lang/invoke/BoundMethodHandle$Species_LLLLLLLLLLLLLLLLLLL done
Event: 1.652 Loading class java/lang/invoke/BoundMethodHandle$Species_LLLLLLLLLLLLLLLLLLLL
Event: 1.652 Loading class java/lang/invoke/BoundMethodHandle$Species_LLLLLLLLLLLLLLLLLLLL done
Event: 1.653 Loading class java/lang/invoke/BoundMethodHandle$Species_LLLLLLLLLLLLLLLLLLLLL
Event: 1.653 Loading class java/lang/invoke/BoundMethodHandle$Species_LLLLLLLLLLLLLLLLLLLLL done
Event: 1.654 Loading class java/lang/invoke/BoundMethodHandle$Species_LLLLLLLLLLLLLLLLLLLLLL
Event: 1.654 Loading class java/lang/invoke/BoundMethodHandle$Species_LLLLLLLLLLLLLLLLLLLLLL done
Event: 1.655 Loading class java/lang/invoke/BoundMethodHandle$Species_LLLLLLLLLLLLLLLLLLLLLLL
Event: 1.655 Loading class java/lang/invoke/BoundMethodHandle$Species_LLLLLLLLLLLLLLLLLLLLLLL done
Event: 1.676 Loading class java/util/Collections$2
Event: 1.676 Loading class java/util/Collections$2 done
Event: 1.730 Loading class java/util/function/LongFunction
Event: 1.730 Loading class java/util/function/LongFunction done

Classes unloaded (0 events):
No events

Classes redefined (0 events):
No events

Internal exceptions (20 events):
Event: 1.595 Thread 0x0000015ef136a2e0 Exception <a 'java/lang/NoSuchMethodError'{0x000000074d034a38}: 'int java.lang.invoke.DirectMethodHandle$Holder.invokeVirtual(java.lang.Object, java.lang.Object, java.lang.Object)'> (0x000000074d034a38) 
thrown [s\src\hotspot\share\interpreter\linkResolver.cpp, line 773]
Event: 1.605 Thread 0x0000015ef136a2e0 Exception <a 'java/lang/NoSuchMethodError'{0x000000074d162828}: 'int java.lang.invoke.DirectMethodHandle$Holder.invokeSpecialIFC(java.lang.Object, java.lang.Object, java.lang.Object, java.lang.Object)'> (0x000000074d162828) 
thrown [s\src\hotspot\share\interpreter\linkResolver.cpp, line 773]
Event: 1.606 Thread 0x0000015ef136a2e0 Exception <a 'java/lang/NoSuchMethodError'{0x000000074d16fd70}: 'java.lang.Object java.lang.invoke.DirectMethodHandle$Holder.invokeInterface(java.lang.Object, java.lang.Object, java.lang.Object)'> (0x000000074d16fd70) 
thrown [s\src\hotspot\share\interpreter\linkResolver.cpp, line 773]
Event: 1.606 Thread 0x0000015ef136a2e0 Exception <a 'java/lang/IncompatibleClassChangeError'{0x000000074d1736c8}: Found class java.lang.Object, but interface was expected> (0x000000074d1736c8) 
thrown [s\src\hotspot\share\interpreter\linkResolver.cpp, line 840]
Event: 1.616 Thread 0x0000015ef136a2e0 Implicit null exception at 0x0000015e9bd3cce6 to 0x0000015e9bd3cd8a
Event: 1.623 Thread 0x0000015ef136a2e0 Exception <a 'java/lang/NoSuchMethodError'{0x000000074cf70860}: 'int java.lang.invoke.DirectMethodHandle$Holder.invokeStatic(java.lang.Object, java.lang.Object, java.lang.Object, java.lang.Object)'> (0x000000074cf70860) 
thrown [s\src\hotspot\share\interpreter\linkResolver.cpp, line 773]
Event: 1.644 Thread 0x0000015ef136a2e0 Exception <a 'java/lang/NoSuchMethodError'{0x000000074cd58f70}: 'java.lang.Object java.lang.invoke.DelegatingMethodHandle$Holder.reinvoke_L(java.lang.Object, java.lang.Object, java.lang.Object, java.lang.Object, java.lang.Object, java.lang.Object, java.lang.Object, java.lang.Object, java.lang.Object, java.lang.Object, java.lang.Object, java.lang.Object, java.lang.Object, java.lang.Object, java.lang.Object, java.lang.Object, java.lang.Object, java.lang.Object, java.lang.Object, java.lang.Object, java.lang.O
Event: 1.646 Thread 0x0000015ef136a2e0 Exception <a 'java/lang/NoSuchMethodError'{0x000000074cdb2dd8}: 'java.lang.Object java.lang.invoke.DirectMethodHandle$Holder.invokeStatic(java.lang.Object, java.lang.Object, java.lang.Object, java.lang.Object, java.lang.Object, java.lang.Object, java.lang.Object, java.lang.Object, java.lang.Object, java.lang.Object, java.lang.Object, java.lang.Object, java.lang.Object, java.lang.Object, java.lang.Object)'> (0x000000074cdb2dd8) 
thrown [s\src\hotspot\share\interpreter\linkResolver.cpp, line 773]
Event: 1.647 Thread 0x0000015ef136a2e0 Exception <a 'java/lang/NoSuchMethodError'{0x000000074cdd7680}: 'java.lang.Object java.lang.invoke.DirectMethodHandle$Holder.invokeStatic(java.lang.Object, java.lang.Object, java.lang.Object, java.lang.Object, java.lang.Object, java.lang.Object, java.lang.Object, java.lang.Object, java.lang.Object, java.lang.Object, java.lang.Object, java.lang.Object, java.lang.Object, java.lang.Object, java.lang.Object, java.lang.Object)'> (0x000000074cdd7680) 
thrown [s\src\hotspot\share\interpreter\linkResolver.cpp, lin
Event: 1.648 Thread 0x0000015ef136a2e0 Exception <a 'java/lang/NoSuchMethodError'{0x000000074cdffc70}: 'java.lang.Object java.lang.invoke.DirectMethodHandle$Holder.invokeStatic(java.lang.Object, java.lang.Object, java.lang.Object, java.lang.Object, java.lang.Object, java.lang.Object, java.lang.Object, java.lang.Object, java.lang.Object, java.lang.Object, java.lang.Object, java.lang.Object, java.lang.Object, java.lang.Object, java.lang.Object, java.lang.Object, java.lang.Object)'> (0x000000074cdffc70) 
thrown [s\src\hotspot\share\interpreter\lin
Event: 1.649 Thread 0x0000015ef136a2e0 Exception <a 'java/lang/NoSuchMethodError'{0x000000074ca28ec8}: 'java.lang.Object java.lang.invoke.DirectMethodHandle$Holder.invokeStatic(java.lang.Object, java.lang.Object, java.lang.Object, java.lang.Object, java.lang.Object, java.lang.Object, java.lang.Object, java.lang.Object, java.lang.Object, java.lang.Object, java.lang.Object, java.lang.Object, java.lang.Object, java.lang.Object, java.lang.Object, java.lang.Object, java.lang.Object, java.lang.Object)'> (0x000000074ca28ec8) 
thrown [s\src\hotspot\sha
Event: 1.650 Thread 0x0000015ef136a2e0 Exception <a 'java/lang/NoSuchMethodError'{0x000000074ca59198}: 'java.lang.Object java.lang.invoke.DirectMethodHandle$Holder.invokeStatic(java.lang.Object, java.lang.Object, java.lang.Object, java.lang.Object, java.lang.Object, java.lang.Object, java.lang.Object, java.lang.Object, java.lang.Object, java.lang.Object, java.lang.Object, java.lang.Object, java.lang.Object, java.lang.Object, java.lang.Object, java.lang.Object, java.lang.Object, java.lang.Object, java.lang.Object)'> (0x000000074ca59198) 
thrown 
Event: 1.650 Thread 0x0000015ef136a2e0 Exception <a 'java/lang/NoSuchMethodError'{0x000000074ca84658}: 'java.lang.Object java.lang.invoke.DirectMethodHandle$Holder.invokeStatic(java.lang.Object, java.lang.Object, java.lang.Object, java.lang.Object, java.lang.Object, java.lang.Object, java.lang.Object, java.lang.Object, java.lang.Object, java.lang.Object, java.lang.Object, java.lang.Object, java.lang.Object, java.lang.Object, java.lang.Object, java.lang.Object, java.lang.Object, java.lang.Object, java.lang.Object, java.lang.Object)'> (0x00000007
Event: 1.651 Thread 0x0000015ef136a2e0 Exception <a 'java/lang/NoSuchMethodError'{0x000000074cab0d28}: 'java.lang.Object java.lang.invoke.DirectMethodHandle$Holder.invokeStatic(java.lang.Object, java.lang.Object, java.lang.Object, java.lang.Object, java.lang.Object, java.lang.Object, java.lang.Object, java.lang.Object, java.lang.Object, java.lang.Object, java.lang.Object, java.lang.Object, java.lang.Object, java.lang.Object, java.lang.Object, java.lang.Object, java.lang.Object, java.lang.Object, java.lang.Object, java.lang.Object, java.lang.Obj
Event: 1.652 Thread 0x0000015ef136a2e0 Exception <a 'java/lang/NoSuchMethodError'{0x000000074cade510}: 'java.lang.Object java.lang.invoke.DirectMethodHandle$Holder.invokeStatic(java.lang.Object, java.lang.Object, java.lang.Object, java.lang.Object, java.lang.Object, java.lang.Object, java.lang.Object, java.lang.Object, java.lang.Object, java.lang.Object, java.lang.Object, java.lang.Object, java.lang.Object, java.lang.Object, java.lang.Object, java.lang.Object, java.lang.Object, java.lang.Object, java.lang.Object, java.lang.Object, java.lang.Obj
Event: 1.653 Thread 0x0000015ef136a2e0 Exception <a 'java/lang/NoSuchMethodError'{0x000000074cb0ca48}: 'java.lang.Object java.lang.invoke.DirectMethodHandle$Holder.invokeStatic(java.lang.Object, java.lang.Object, java.lang.Object, java.lang.Object, java.lang.Object, java.lang.Object, java.lang.Object, java.lang.Object, java.lang.Object, java.lang.Object, java.lang.Object, java.lang.Object, java.lang.Object, java.lang.Object, java.lang.Object, java.lang.Object, java.lang.Object, java.lang.Object, java.lang.Object, java.lang.Object, java.lang.Obj
Event: 1.654 Thread 0x0000015ef136a2e0 Exception <a 'java/lang/NoSuchMethodError'{0x000000074cb3bc80}: 'java.lang.Object java.lang.invoke.DirectMethodHandle$Holder.invokeStatic(java.lang.Object, java.lang.Object, java.lang.Object, java.lang.Object, java.lang.Object, java.lang.Object, java.lang.Object, java.lang.Object, java.lang.Object, java.lang.Object, java.lang.Object, java.lang.Object, java.lang.Object, java.lang.Object, java.lang.Object, java.lang.Object, java.lang.Object, java.lang.Object, java.lang.Object, java.lang.Object, java.lang.Obj
Event: 1.654 Thread 0x0000015ef136a2e0 Exception <a 'java/lang/NoSuchMethodError'{0x000000074cb6ba30}: 'java.lang.Object java.lang.invoke.DirectMethodHandle$Holder.invokeStatic(java.lang.Object, java.lang.Object, java.lang.Object, java.lang.Object, java.lang.Object, java.lang.Object, java.lang.Object, java.lang.Object, java.lang.Object, java.lang.Object, java.lang.Object, java.lang.Object, java.lang.Object, java.lang.Object, java.lang.Object, java.lang.Object, java.lang.Object, java.lang.Object, java.lang.Object, java.lang.Object, java.lang.Obj
Event: 1.656 Thread 0x0000015ef136a2e0 Exception <a 'java/lang/NoSuchMethodError'{0x000000074cb9d140}: 'java.lang.Object java.lang.invoke.DirectMethodHandle$Holder.invokeStatic(java.lang.Object, java.lang.Object, java.lang.Object, java.lang.Object, java.lang.Object, java.lang.Object, java.lang.Object, java.lang.Object, java.lang.Object, java.lang.Object, java.lang.Object, java.lang.Object, java.lang.Object, java.lang.Object, java.lang.Object, java.lang.Object, java.lang.Object, java.lang.Object, java.lang.Object, java.lang.Object, java.lang.Obj
Event: 1.668 Thread 0x0000015ef136a2e0 Exception <a 'java/lang/IncompatibleClassChangeError'{0x000000074c89c860}: Found class java.lang.Object, but interface was expected> (0x000000074c89c860) 
thrown [s\src\hotspot\share\interpreter\linkResolver.cpp, line 840]

ZGC Phase Switch (0 events):
No events

VM Operations (20 events):
Event: 1.175 Executing VM operation: HandshakeAllThreads (Deoptimize)
Event: 1.175 Executing VM operation: HandshakeAllThreads (Deoptimize) done
Event: 1.235 Executing VM operation: HandshakeAllThreads (Deoptimize)
Event: 1.235 Executing VM operation: HandshakeAllThreads (Deoptimize) done
Event: 1.278 Executing VM operation: HandshakeAllThreads (Deoptimize)
Event: 1.278 Executing VM operation: HandshakeAllThreads (Deoptimize) done
Event: 1.452 Executing VM operation: HandshakeAllThreads (Deoptimize)
Event: 1.452 Executing VM operation: HandshakeAllThreads (Deoptimize) done
Event: 1.463 Executing VM operation: ICBufferFull
Event: 1.464 Executing VM operation: ICBufferFull done
Event: 1.530 Executing VM operation: HandshakeAllThreads (Deoptimize)
Event: 1.530 Executing VM operation: HandshakeAllThreads (Deoptimize) done
Event: 1.588 Executing VM operation: HandshakeAllThreads (Deoptimize)
Event: 1.588 Executing VM operation: HandshakeAllThreads (Deoptimize) done
Event: 1.588 Executing VM operation: HandshakeAllThreads (Deoptimize)
Event: 1.588 Executing VM operation: HandshakeAllThreads (Deoptimize) done
Event: 1.662 Executing VM operation: HandshakeAllThreads (Deoptimize)
Event: 1.662 Executing VM operation: HandshakeAllThreads (Deoptimize) done
Event: 1.662 Executing VM operation: HandshakeAllThreads (Deoptimize)
Event: 1.662 Executing VM operation: HandshakeAllThreads (Deoptimize) done

Memory protections (0 events):
No events

Nmethod flushes (0 events):
No events

Events (20 events):
Event: 0.029 Thread 0x0000015e8bb61b40 Thread added: 0x0000015ea9fe1d50
Event: 0.029 Thread 0x0000015e8bb61b40 Thread added: 0x0000015ea9fe5cb0
Event: 0.029 Thread 0x0000015e8bb61b40 Thread added: 0x0000015ea9ff8780
Event: 0.041 Thread 0x0000015e8bb61b40 Thread added: 0x0000015ea9f9a270
Event: 0.083 Thread 0x0000015e8bb61b40 Thread added: 0x0000015eaa3896a0
Event: 0.123 Thread 0x0000015ea9ff8780 Thread added: 0x0000015ea9ff7310
Event: 1.084 Thread 0x0000015e8bb61b40 Thread added: 0x0000015ef13f3720
Event: 1.214 Thread 0x0000015e8bb61b40 Thread added: 0x0000015ef10c73a0
Event: 1.259 Thread 0x0000015e8bb61b40 Thread added: 0x0000015ef1546050
Event: 1.299 Thread 0x0000015ef10c73a0 Thread added: 0x0000015ef1419110
Event: 1.300 Thread 0x0000015ef1419110 Thread added: 0x0000015ef1373090
Event: 1.316 Thread 0x0000015ef1419110 Thread added: 0x0000015ef13dd960
Event: 1.320 Thread 0x0000015ef1419110 Thread added: 0x0000015ef136a2e0
Event: 1.326 Thread 0x0000015ef136a2e0 Thread added: 0x0000015ef13695c0
Event: 1.329 Thread 0x0000015ef136a2e0 Thread added: 0x0000015ef136a970
Event: 1.330 Thread 0x0000015ef136a2e0 Thread added: 0x0000015ef1368f30
Event: 1.530 Thread 0x0000015ef136a2e0 Thread added: 0x0000015ef1369c50
Event: 1.537 Thread 0x0000015ef136a2e0 Thread added: 0x0000015ef13688a0
Event: 1.559 Thread 0x0000015ef136a2e0 Thread added: 0x0000015ef136b000
Event: 1.654 Thread 0x0000015ea9ff8780 Thread added: 0x0000015ea9ff5ea0


Dynamic libraries:
0x00007ff6a6cc0000 - 0x00007ff6a6cce000 	C:\Program Files\Eclipse Adoptium\jdk-21.0.4.7-hotspot\bin\java.exe
0x00007ffcc4e90000 - 0x00007ffcc5088000 	C:\Windows\SYSTEM32\ntdll.dll
0x00007ffcc48e0000 - 0x00007ffcc49a1000 	C:\Windows\System32\KERNEL32.DLL
0x00007ffcc25f0000 - 0x00007ffcc28ed000 	C:\Windows\System32\KERNELBASE.dll
0x00007ffcc2d90000 - 0x00007ffcc2e90000 	C:\Windows\System32\ucrtbase.dll
0x00007ffc91930000 - 0x00007ffc9194b000 	C:\Program Files\Eclipse Adoptium\jdk-21.0.4.7-hotspot\bin\VCRUNTIME140.dll
0x00007ffcad240000 - 0x00007ffcad258000 	C:\Program Files\Eclipse Adoptium\jdk-21.0.4.7-hotspot\bin\jli.dll
0x00007ffcc2ec0000 - 0x00007ffcc305d000 	C:\Windows\System32\USER32.dll
0x00007ffcaf4a0000 - 0x00007ffcaf73a000 	C:\Windows\WinSxS\amd64_microsoft.windows.common-controls_6595b64144ccf1df_6.0.19041.4355_none_60b8b9eb71f62e16\COMCTL32.dll
0x00007ffcc28f0000 - 0x00007ffcc2912000 	C:\Windows\System32\win32u.dll
0x00007ffcc2e90000 - 0x00007ffcc2ebb000 	C:\Windows\System32\GDI32.dll
0x00007ffcc3060000 - 0x00007ffcc30fe000 	C:\Windows\System32\msvcrt.dll
0x00007ffcc2bd0000 - 0x00007ffcc2ce7000 	C:\Windows\System32\gdi32full.dll
0x00007ffcc2cf0000 - 0x00007ffcc2d8d000 	C:\Windows\System32\msvcp_win.dll
0x00007ffcc3800000 - 0x00007ffcc382f000 	C:\Windows\System32\IMM32.DLL
0x00007ffcb7d30000 - 0x00007ffcb7d3c000 	C:\Program Files\Eclipse Adoptium\jdk-21.0.4.7-hotspot\bin\vcruntime140_1.dll
0x00007ffc884e0000 - 0x00007ffc8856e000 	C:\Program Files\Eclipse Adoptium\jdk-21.0.4.7-hotspot\bin\msvcp140.dll
0x00007ffc50100000 - 0x00007ffc50e88000 	C:\Program Files\Eclipse Adoptium\jdk-21.0.4.7-hotspot\bin\server\jvm.dll
0x00007ffcc3af0000 - 0x00007ffcc3ba0000 	C:\Windows\System32\ADVAPI32.dll
0x00007ffcc3840000 - 0x00007ffcc38e0000 	C:\Windows\System32\sechost.dll
0x00007ffcc36d0000 - 0x00007ffcc37f3000 	C:\Windows\System32\RPCRT4.dll
0x00007ffcc2990000 - 0x00007ffcc29b7000 	C:\Windows\System32\bcrypt.dll
0x00007ffcc3d40000 - 0x00007ffcc3dab000 	C:\Windows\System32\WS2_32.dll
0x00007ffcc1aa0000 - 0x00007ffcc1aeb000 	C:\Windows\SYSTEM32\POWRPROF.dll
0x00007ffcb2b60000 - 0x00007ffcb2b87000 	C:\Windows\SYSTEM32\WINMM.dll
0x00007ffcb6f80000 - 0x00007ffcb6f8a000 	C:\Windows\SYSTEM32\VERSION.dll
0x00007ffcc1900000 - 0x00007ffcc1912000 	C:\Windows\SYSTEM32\UMPDC.dll
0x00007ffcc0d20000 - 0x00007ffcc0d32000 	C:\Windows\SYSTEM32\kernel.appcore.dll
0x00007ffcb17d0000 - 0x00007ffcb17da000 	C:\Program Files\Eclipse Adoptium\jdk-21.0.4.7-hotspot\bin\jimage.dll
0x00007ffcc0130000 - 0x00007ffcc0314000 	C:\Windows\SYSTEM32\DBGHELP.DLL
0x00007ffcb1770000 - 0x00007ffcb17a4000 	C:\Windows\SYSTEM32\dbgcore.DLL
0x00007ffcc2560000 - 0x00007ffcc25e2000 	C:\Windows\System32\bcryptPrimitives.dll
0x00007ffca24c0000 - 0x00007ffca24cf000 	C:\Program Files\Eclipse Adoptium\jdk-21.0.4.7-hotspot\bin\instrument.dll
0x00007ffc91910000 - 0x00007ffc9192f000 	C:\Program Files\Eclipse Adoptium\jdk-21.0.4.7-hotspot\bin\java.dll
0x00007ffcc40c0000 - 0x00007ffcc482f000 	C:\Windows\System32\SHELL32.dll
0x00007ffcc0570000 - 0x00007ffcc0d0f000 	C:\Windows\SYSTEM32\windows.storage.dll
0x00007ffcc3100000 - 0x00007ffcc3453000 	C:\Windows\System32\combase.dll
0x00007ffcc1f30000 - 0x00007ffcc1f5e000 	C:\Windows\SYSTEM32\Wldp.dll
0x00007ffcc3a20000 - 0x00007ffcc3aed000 	C:\Windows\System32\OLEAUT32.dll
0x00007ffcc4830000 - 0x00007ffcc48dd000 	C:\Windows\System32\SHCORE.dll
0x00007ffcc34c0000 - 0x00007ffcc3515000 	C:\Windows\System32\shlwapi.dll
0x00007ffcc2440000 - 0x00007ffcc2464000 	C:\Windows\SYSTEM32\profapi.dll
0x00007ffc88400000 - 0x00007ffc884d7000 	C:\Program Files\Eclipse Adoptium\jdk-21.0.4.7-hotspot\bin\jsvml.dll
0x00007ffc90360000 - 0x00007ffc90378000 	C:\Program Files\Eclipse Adoptium\jdk-21.0.4.7-hotspot\bin\zip.dll
0x00007ffc91900000 - 0x00007ffc91910000 	C:\Program Files\Eclipse Adoptium\jdk-21.0.4.7-hotspot\bin\net.dll
0x00007ffcbc0d0000 - 0x00007ffcbc1dd000 	C:\Windows\SYSTEM32\WINHTTP.dll
0x00007ffcc1c90000 - 0x00007ffcc1cfa000 	C:\Windows\system32\mswsock.dll
0x00007ffc8ff10000 - 0x00007ffc8ff26000 	C:\Program Files\Eclipse Adoptium\jdk-21.0.4.7-hotspot\bin\nio.dll
0x00007ffc914c0000 - 0x00007ffc914d0000 	C:\Program Files\Eclipse Adoptium\jdk-21.0.4.7-hotspot\bin\verify.dll
0x00007ffcbaf00000 - 0x00007ffcbaf27000 	C:\Users\Рунни\.gradle\native\c067742578af261105cb4f569cf0c3c89f3d7b1fecec35dd04571415982c5e48\windows-amd64\native-platform.dll
0x00007ffc54df0000 - 0x00007ffc54f34000 	C:\Users\Рунни\.gradle\native\100fb08df4bc3b14c8652ba06237920a3bd2aa13389f12d3474272988ae205f9\windows-amd64\native-platform-file-events.dll
0x00007ffc90f00000 - 0x00007ffc90f0a000 	C:\Program Files\Eclipse Adoptium\jdk-21.0.4.7-hotspot\bin\management.dll
0x00007ffc90350000 - 0x00007ffc9035b000 	C:\Program Files\Eclipse Adoptium\jdk-21.0.4.7-hotspot\bin\management_ext.dll
0x00007ffcc3d30000 - 0x00007ffcc3d38000 	C:\Windows\System32\PSAPI.DLL
0x00007ffcc1e90000 - 0x00007ffcc1ea8000 	C:\Windows\SYSTEM32\CRYPTSP.dll
0x00007ffcc1540000 - 0x00007ffcc1574000 	C:\Windows\system32\rsaenh.dll
0x00007ffcc23f0000 - 0x00007ffcc241e000 	C:\Windows\SYSTEM32\USERENV.dll
0x00007ffcc1e80000 - 0x00007ffcc1e8c000 	C:\Windows\SYSTEM32\CRYPTBASE.dll
0x00007ffcc1920000 - 0x00007ffcc195b000 	C:\Windows\SYSTEM32\IPHLPAPI.DLL
0x00007ffcc3990000 - 0x00007ffcc3998000 	C:\Windows\System32\NSI.dll
0x00007ffc8e9c0000 - 0x00007ffc8e9c9000 	C:\Program Files\Eclipse Adoptium\jdk-21.0.4.7-hotspot\bin\extnet.dll
0x00007ffc8e9b0000 - 0x00007ffc8e9be000 	C:\Program Files\Eclipse Adoptium\jdk-21.0.4.7-hotspot\bin\sunmscapi.dll
0x00007ffcc29c0000 - 0x00007ffcc2b1e000 	C:\Windows\System32\CRYPT32.dll
0x00007ffcc1fa0000 - 0x00007ffcc1fc9000 	C:\Windows\SYSTEM32\ncrypt.dll
0x00007ffcc1f60000 - 0x00007ffcc1f9b000 	C:\Windows\SYSTEM32\NTASN1.dll
0x00007ffc906d0000 - 0x00007ffc906d7000 	C:\Windows\system32\wshunix.dll

dbghelp: loaded successfully - version: 4.0.5 - missing functions: none
symbol engine: initialized successfully - sym options: 0x614 - pdb path: .;C:\Program Files\Eclipse Adoptium\jdk-21.0.4.7-hotspot\bin;C:\Windows\SYSTEM32;C:\Windows\WinSxS\amd64_microsoft.windows.common-controls_6595b64144ccf1df_6.0.19041.4355_none_60b8b9eb71f62e16;C:\Program Files\Eclipse Adoptium\jdk-21.0.4.7-hotspot\bin\server;C:\Users\Рунни\.gradle\native\c067742578af261105cb4f569cf0c3c89f3d7b1fecec35dd04571415982c5e48\windows-amd64;C:\Users\Рунни\.gradle\native\100fb08df4bc3b14c8652ba06237920a3bd2aa13389f12d3474272988ae205f9\windows-amd64

VM Arguments:
jvm_args: --add-opens=java.base/java.util=ALL-UNNAMED --add-opens=java.base/java.lang=ALL-UNNAMED --add-opens=java.base/java.lang.invoke=ALL-UNNAMED --add-opens=java.prefs/java.util.prefs=ALL-UNNAMED --add-opens=java.base/java.nio.charset=ALL-UNNAMED --add-opens=java.base/java.net=ALL-UNNAMED --add-opens=java.base/java.util.concurrent.atomic=ALL-UNNAMED -Xmx3G -Dfile.encoding=windows-1251 -Duser.country=RU -Duser.language=ru -Duser.variant -javaagent:C:\Users\Рунни\.gradle\wrapper\dists\gradle-8.8-bin\dl7vupf4psengwqhwktix4v1\gradle-8.8\lib\agents\gradle-instrumentation-agent-8.8.jar 
java_command: org.gradle.launcher.daemon.bootstrap.GradleDaemon 8.8
java_class_path (initial): C:\Users\Рунни\.gradle\wrapper\dists\gradle-8.8-bin\dl7vupf4psengwqhwktix4v1\gradle-8.8\lib\gradle-launcher-8.8.jar
Launcher Type: SUN_STANDARD

[Global flags]
     intx CICompilerCount                          = 4                                         {product} {ergonomic}
     uint ConcGCThreads                            = 3                                         {product} {ergonomic}
     uint G1ConcRefinementThreads                  = 10                                        {product} {ergonomic}
   size_t G1HeapRegionSize                         = 2097152                                   {product} {ergonomic}
    uintx GCDrainStackTargetSize                   = 64                                        {product} {ergonomic}
   size_t InitialHeapSize                          = 264241152                                 {product} {ergonomic}
   size_t MarkStackSize                            = 4194304                                   {product} {ergonomic}
   size_t MaxHeapSize                              = 3221225472                                {product} {command line}
   size_t MaxNewSize                               = 1931476992                                {product} {ergonomic}
   size_t MinHeapDeltaBytes                        = 2097152                                   {product} {ergonomic}
   size_t MinHeapSize                              = 8388608                                   {product} {ergonomic}
    uintx NonNMethodCodeHeapSize                   = 5839372                                {pd product} {ergonomic}
    uintx NonProfiledCodeHeapSize                  = 122909434                              {pd product} {ergonomic}
    uintx ProfiledCodeHeapSize                     = 122909434                              {pd product} {ergonomic}
    uintx ReservedCodeCacheSize                    = 251658240                              {pd product} {ergonomic}
     bool SegmentedCodeCache                       = true                                      {product} {ergonomic}
   size_t SoftMaxHeapSize                          = 3221225472                             {manageable} {ergonomic}
     bool UseCompressedOops                        = true                           {product lp64_product} {ergonomic}
     bool UseG1GC                                  = true                                      {product} {ergonomic}
     bool UseLargePagesIndividualAllocation        = false                                  {pd product} {ergonomic}

Logging:
Log output configuration:
 #0: stdout all=warning uptime,level,tags foldmultilines=false
 #1: stderr all=off uptime,level,tags foldmultilines=false

Environment Variables:
JAVA_HOME=C:\Program Files\Eclipse Adoptium\jdk-21.0.4.7-hotspot\
PATH=C:\Program Files\Eclipse Adoptium\jdk-21.0.4.7-hotspot\bin;C:\Program Files\Common Files\Oracle\Java\javapath;C:\Program Files (x86)\Common Files\Oracle\Java\java8path;C:\Program Files (x86)\Common Files\Oracle\Java\javapath;C:\Windows\system32;C:\Windows;C:\Windows\System32\Wbem;C:\Windows\System32\WindowsPowerShell\v1.0\;C:\Windows\System32\OpenSSH\;C:\Program Files (x86)\NVIDIA Corporation\PhysX\Common;C:\Program Files\NVIDIA Corporation\NVIDIA NvDLISR;C:\Program Files (x86)\Windows Kits\10\Windows Performance Toolkit\;C:\Program Files\Git\cmd;C:\Program Files\dotnet\;C:\Users\Рунни\AppData\Local\Microsoft\WindowsApps;
USERNAME=Рунни
OS=Windows_NT
PROCESSOR_IDENTIFIER=Intel64 Family 6 Model 141 Stepping 1, GenuineIntel
TMP=C:\Users\0D15~1\AppData\Local\Temp
TEMP=C:\Users\0D15~1\AppData\Local\Temp




Periodic native trim disabled

---------------  S Y S T E M  ---------------

OS:
 Windows 10 , 64 bit Build 19041 (10.0.19041.4717)
OS uptime: 1 days 6:46 hours

CPU: total 12 (initial active 12) (6 cores per cpu, 2 threads per core) family 6 model 141 stepping 1 microcode 0x34, cx8, cmov, fxsr, ht, mmx, 3dnowpref, sse, sse2, sse3, ssse3, sse4.1, sse4.2, popcnt, lzcnt, tsc, tscinvbit, avx, avx2, aes, erms, clmul, bmi1, bmi2, adx, avx512f, avx512dq, avx512cd, avx512bw, avx512vl, sha, fma, vzeroupper, avx512_vpopcntdq, avx512_vpclmulqdq, avx512_vaes, avx512_vnni, clflush, clflushopt, clwb, avx512_vbmi2, avx512_vbmi, rdtscp, rdpid, fsrm, gfni, avx512_bitalg, f16c, pku, cet_ibt, cet_ss, avx512_ifma
Processor Information for all 12 processors :
  Max Mhz: 2688, Current Mhz: 2688, Mhz Limit: 2688

Memory: 4k page, system-wide physical 16122M (2304M free)
TotalPageFile size 20218M (AvailPageFile size 5M)
current process WorkingSet (physical memory assigned to process): 214M, peak: 214M
current process commit charge ("private bytes"): 441M, peak: 442M

vm_info: OpenJDK 64-Bit Server VM (21.0.4+7-LTS) for windows-amd64 JRE (21.0.4+7-LTS), built on 2024-07-16T00:00:00Z by "admin" with MS VC++ 17.7 (VS2022)

END.
